
   INFO  Server running on [http://127.0.0.1:8000].  

  Press Ctrl+C to stop the server

  2026-09-29 23:24:02 /up ........................................ ~ 502.41ms
  2026-09-29 23:24:03 /api/v1/auth/otp/channel ..................... ~ 0.04ms
  2026-09-29 23:24:08 /api/v1/auth/login ............................... ~ 3s
  2026-09-29 23:24:11 /api/v1/auth/login ............................... ~ 1s
  2026-09-29 23:24:13 /api/v1/auth/login ............................... ~ 2s
  2026-09-29 23:24:21 /api/v1/auth/otp/send ............................ ~ 7s
  2026-09-29 23:24:28 /api/v1/auth/otp/verify .......................... ~ 1s
  2026-09-29 23:24:39 /api/v1/auth/login ............................... ~ 1s
  2026-09-29 23:24:39 /api/v1/auth/otp/verify ...................... ~ 0.03ms
  2026-09-29 23:24:39 /api/v1/admin/users .......................... ~ 0.09ms
  2026-09-29 23:24:39 /api/v1/admin/courses ........................ ~ 0.06ms
  2026-09-29 23:24:40 /api/v1/admin/dashboard .................... ~ 504.01ms
  2026-09-29 23:25:02 /api/v1/admin/students ..................... ~ 505.80ms
  2026-09-29 23:25:02 /api/v1/admin/staff .......................... ~ 0.08ms
  2026-09-29 23:25:14 /api/v1/app/home ........................... ~ 504.68ms
  2026-09-29 23:25:14 /api/v1/app/chat/rooms ..................... ~ 504.38ms
  2026-09-29 23:25:14 /api/v1/app/exams ............................ ~ 0.06ms
  2026-09-29 23:25:26 /api/v1/app/home ............................. ~ 0.51ms
  2026-09-29 23:25:58 /api/v1/auth/otp/verify ...................... ~ 0.47ms
  2026-09-29 23:25:59 /api/v1/app/home ............................. ~ 0.03ms
  2026-09-29 23:25:59 /api/v1/app/home ............................. ~ 0.02ms
  2026-09-29 23:26:27 /api/v1/auth/otp/send ............................ ~ 1s
  2026-09-29 23:26:29 /api/v1/auth/otp/verify .......................... ~ 1s
  2026-09-29 23:26:31 /api/v1/app/home ............................. ~ 0.08ms
  2026-09-29 23:26:42 /api/v1/auth/otp/send ............................ ~ 1s
  2026-09-29 23:26:44 /api/v1/auth/otp/verify .................... ~ 515.58ms
  2026-09-29 23:26:51 /api/v1/app/home ........................... ~ 505.35ms
  2026-09-29 23:26:51 /api/v1/app/home ............................. ~ 0.06ms
  2026-09-29 23:27:39 /api/v1/app/home ............................. ~ 1.11ms
  2026-09-29 23:27:39 /api/v1/app/home ............................. ~ 1.44ms
  2026-09-29 23:28:10 /api/v1/auth/login ............................... ~ 2s
  2026-09-29 23:28:12 /api/v1/auth/otp/send ............................ ~ 1s
  2026-09-29 23:28:14 /api/v1/auth/otp/verify .......................... ~ 1s
  2026-09-29 23:28:23 /api/v1/admin/app-versions ................. ~ 502.21ms
  2026-09-29 23:28:23 /api/v1/admin/articles ....................... ~ 0.08ms
  2026-09-29 23:28:23 /api/v1/admin/campaigns ...................... ~ 0.07ms
  2026-09-29 23:28:23 /api/v1/admin/categories ..................... ~ 0.06ms
  2026-09-29 23:28:23 /api/v1/admin/chat/policies .................. ~ 0.05ms
  2026-09-29 23:28:23 /api/v1/admin/chat/reports ................... ~ 0.05ms
  2026-09-29 23:28:23 /api/v1/admin/chat/rooms ..................... ~ 0.05ms
  2026-09-29 23:28:23 /api/v1/admin/coupons ........................ ~ 0.05ms
  2026-09-29 23:28:23 /api/v1/admin/courses ........................ ~ 0.05ms
  2026-09-29 23:28:23 /api/v1/admin/courses/options ................ ~ 0.05ms
  2026-09-29 23:28:23 /api/v1/admin/daily-quiz ..................... ~ 0.06ms
  2026-09-29 23:28:23 /api/v1/admin/dashboard ...................... ~ 0.05ms
  2026-09-29 23:28:23 /api/v1/admin/doubts ......................... ~ 0.05ms
  2026-09-29 23:28:23 /api/v1/admin/leads ........................ ~ 503.09ms
  2026-09-29 23:28:23 /api/v1/admin/leads/export ................... ~ 0.03ms
  2026-09-29 23:28:23 /api/v1/admin/live-classes ................... ~ 0.02ms
  2026-09-29 23:28:23 /api/v1/admin/marketing/count ................ ~ 0.02ms
  2026-09-29 23:28:24 /api/v1/admin/marketing/export ............... ~ 0.02ms
  2026-09-29 23:28:24 /api/v1/admin/marketing/exports ............ ~ 505.30ms
  2026-09-29 23:28:24 /api/v1/admin/marketing/types ................ ~ 0.03ms
  2026-09-29 23:28:24 /api/v1/admin/notification-channels .......... ~ 0.02ms
  2026-09-29 23:28:24 /api/v1/admin/notification-templates ......... ~ 0.02ms
  2026-09-29 23:28:24 /api/v1/admin/payments ....................... ~ 0.02ms
  2026-09-29 23:28:24 /api/v1/admin/payments-export ................ ~ 0.02ms
  2026-09-29 23:28:24 /api/v1/admin/permissions .................... ~ 0.02ms
  2026-09-29 23:28:24 /api/v1/admin/question-bank/folders .......... ~ 0.03ms
  2026-09-29 23:28:24 /api/v1/admin/question-bank/imports ........ ~ 505.24ms
  2026-09-29 23:28:24 /api/v1/admin/question-bank/imports/template . ~ 0.03ms
  2026-09-29 23:28:24 /api/v1/admin/question-bank/labels ........... ~ 0.02ms
  2026-09-29 23:28:24 /api/v1/admin/question-bank/questions ........ ~ 0.03ms
  2026-09-29 23:28:24 /api/v1/admin/question-bank/questions/facets . ~ 0.02ms
  2026-09-29 23:28:24 /api/v1/admin/reports/activity ............... ~ 0.06ms
  2026-09-29 23:28:24 /api/v1/admin/reports/performance ............ ~ 0.05ms
  2026-09-29 23:28:24 /api/v1/admin/reports/revenue ................ ~ 0.05ms
  2026-09-29 23:28:24 /api/v1/admin/revenue-share .................. ~ 0.05ms
  2026-09-29 23:28:24 /api/v1/admin/revenue-share/ledger ........... ~ 0.05ms
  2026-09-29 23:28:24 /api/v1/admin/revenue-share/payouts .......... ~ 0.03ms
  2026-09-29 23:28:24 /api/v1/admin/roles .......................... ~ 0.02ms
  2026-09-29 23:28:25 /api/v1/admin/security/audit ................. ~ 0.02ms
  2026-09-29 23:28:25 /api/v1/admin/security/logins ................ ~ 0.02ms
  2026-09-29 23:28:25 /api/v1/admin/security/otp-logs .............. ~ 0.02ms
  2026-09-29 23:28:25 /api/v1/admin/security/otp-logs/export ....... ~ 0.02ms
  2026-09-29 23:28:25 /api/v1/admin/settings ..................... ~ 505.35ms
  2026-09-29 23:28:25 /api/v1/admin/staff .......................... ~ 0.05ms
  2026-09-29 23:28:25 /api/v1/admin/staff/options ................ ~ 503.91ms
  2026-09-29 23:28:25 /api/v1/admin/students ....................... ~ 0.05ms
  2026-09-29 23:28:25 /api/v1/admin/students/export ................ ~ 0.07ms
  2026-09-29 23:28:25 /api/v1/admin/students/summary ............... ~ 0.09ms
  2026-09-29 23:28:26 /api/v1/admin/study-plans .................... ~ 0.03ms
  2026-09-29 23:28:26 /api/v1/admin/swaps .......................... ~ 0.02ms
  2026-09-29 23:28:26 /api/v1/admin/swaps/lookup ................. ~ 505.48ms
  2026-09-29 23:28:26 /api/v1/admin/tests .......................... ~ 0.05ms
  2026-09-29 23:28:26 /api/v1/admin/whatsapp/messages .............. ~ 0.05ms
  2026-09-29 23:28:26 /api/v1/admin/whatsapp/settings .............. ~ 0.05ms
  2026-09-29 23:28:26 /api/v1/admin/whatsapp/status ................ ~ 0.05ms
  2026-09-29 23:28:26 /api/v1/app/chat/contacts .................. ~ 505.45ms
  2026-09-29 23:28:26 /api/v1/app/chat/rooms ....................... ~ 0.04ms
  2026-09-29 23:28:26 /api/v1/app/daily-quiz ....................... ~ 0.02ms
  2026-09-29 23:28:26 /api/v1/app/doubts ........................... ~ 0.02ms
  2026-09-29 23:28:26 /api/v1/app/exams ............................ ~ 0.02ms
  2026-09-29 23:28:26 /api/v1/app/home ............................. ~ 0.02ms
  2026-09-29 23:28:27 /api/v1/app/live-classes ..................... ~ 0.02ms
  2026-09-29 23:28:27 /api/v1/app/my-courses ....................... ~ 0.02ms
  2026-09-29 23:28:27 /api/v1/app/notification-preferences ......... ~ 0.02ms
  2026-09-29 23:28:27 /api/v1/app/notifications .................... ~ 0.02ms
  2026-09-29 23:28:27 /api/v1/app/orders ......................... ~ 502.57ms
  2026-09-29 23:28:27 /api/v1/app/performance ...................... ~ 0.05ms
  2026-09-29 23:28:27 /api/v1/app/profile .......................... ~ 0.05ms
  2026-09-29 23:28:27 /api/v1/app/profile-page ..................... ~ 0.05ms
  2026-09-29 23:28:27 /api/v1/app/study-plan ....................... ~ 0.69ms
  2026-09-29 23:28:27 /api/v1/app/test-series ...................... ~ 0.06ms
  2026-09-29 23:28:27 /api/v1/app/tests ............................ ~ 0.03ms
  2026-09-29 23:28:27 /api/v1/app/tests/history .................... ~ 0.08ms
  2026-09-29 23:28:27 /api/v1/auth/me .............................. ~ 0.05ms
  2026-09-29 23:28:27 /api/v1/auth/otp/channel ..................... ~ 0.06ms
  2026-09-29 23:28:27 /api/v1/public/app-version ................... ~ 0.03ms
  2026-09-29 23:28:27 /api/v1/public/app/config .................... ~ 0.02ms
  2026-09-29 23:28:27 /api/v1/public/articles ...................... ~ 0.02ms
  2026-09-29 23:28:27 /api/v1/public/categories .................... ~ 0.02ms
  2026-09-29 23:28:27 /api/v1/public/courses ..................... ~ 503.91ms
  2026-09-29 23:28:27 /api/v1/public/setup/options ................. ~ 0.06ms
  2026-09-29 23:28:35 /api/v1/public/app-version ................... ~ 0.89ms
  2026-09-29 23:28:35 /api/v1/public/app-version ................... ~ 0.04ms
  2026-09-29 23:28:36 /api/v1/admin/swaps/lookup ................... ~ 0.03ms
  2026-09-29 23:28:36 /api/v1/admin/marketing/count ................ ~ 0.03ms
  2026-09-30 00:11:00 /up ........................................ ~ 505.95ms
  2026-09-30 00:11:01 /api/v1/admin/chat/rooms ......................... ~ 2s
  2026-09-30 00:11:19 /api/v1/auth/login ............................... ~ 1s
  2026-09-30 00:11:20 /api/v1/auth/otp/send ............................ ~ 1s
  2026-09-30 00:11:22 /api/v1/auth/otp/verify .......................... ~ 1s
  2026-09-30 00:11:35 /api/v1/app/chat/rooms/3/members ................. ~ 1s
  2026-09-30 00:12:15 /api/v1/app/tests ............................ ~ 2.94ms
  2026-09-30 00:12:22 /api/v1/app/tests/1/start .................. ~ 507.24ms
  2026-09-30 00:12:33 /api/v1/app/tests/1/start .................... ~ 0.09ms
  2026-09-30 00:12:34 /api/v1/app/attempts/01M3Q7K7HHG3XACCTRNTKSZX3K/sync  ~ 0.08ms
  2026-09-30 00:12:34 /api/v1/app/attempts/01M3Q7K7HHG3XACCTRNTKSZX3K/submit  ~ 1s
  2026-09-30 00:12:35 /api/v1/app/attempts/01M3Q7K7HHG3XACCTRNTKSZX3K/result  ~ 0.03ms
  2026-09-30 00:13:12 /api/v1/app/tests/1/start .................. ~ 508.96ms
  2026-09-30 00:13:12 /api/v1/app/attempts/01M3Q7MQQW3E9C3397FCDCRQKK/sync  ~ 502.52ms
  2026-09-30 00:13:13 /api/v1/app/attempts/01M3Q7MQQW3E9C3397FCDCRQKK/submit  ~ 1s
  2026-09-30 00:19:28 /api/v1/app/checkout/quote ................... ~ 1.24ms
  2026-09-30 00:19:28 /api/v1/app/orders ........................... ~ 0.03ms
  2026-09-30 00:19:44 /api/v1/app/checkout/quote ................. ~ 500.57ms
  2026-09-30 00:20:07 /api/v1/app/doubts ......................... ~ 500.62ms
  2026-09-30 00:20:07 /api/v1/admin/doubts/1/answer .................... ~ 1s
  2026-09-30 00:20:19 /api/v1/admin/doubts/1/answer .............. ~ 508.03ms
  2026-09-30 00:20:33 /up .......................................... ~ 0.90ms
